[
  {
    first_name: 'Juan',
    last_name: 'Contreras',
    institution: 'Los Angeles Trade Technical College',
    study_1: 'Mathematics, general',
    study_2: 'Physics',
    study_2_other: '',
    study_3: '',
    study_3_other: '',
    project_name: 'Robotics: Enhancing Exploration and Exploitation in Reinforcement Learning for Finer Decision-Making',
    project_url: 'https://utexas.app.box.com/s/fdh439ni7bwtr0jouhvizz1f4vs44nk6/file/1270561984734',
    field11: '',
    field12: '',
    field13: '',
    field14: '',
    field15: '',
    field16: '',
    field17: '',
    field18: '',
    field19: '',
    field20: '',
    field21: '',
    field22: '',
    field23: '',
    field24: '',
    field25: '',
    field26: '',
    field27: '',
    field28: '',
    field29: '',
    field30: '',
    field31: '',
    field32: '',
    field33: '',
    field34: '',
    field35: '',
    field36: '',
    field37: '',
    field38: '',
    field39: '',
    field40: '',
    field41: '',
    field42: '',
    field43: '',
    field44: '',
    field45: '',
    field46: '',
    field47: '',
    field48: '',
    field49: '',
    field50: '',
    field51: '',
    field52: '',
    field53: '',
    field54: '',
    field55: '',
    field56: '',
    field57: '',
    field58: '',
    field59: '',
    field60: '',
    field61: '',
    field62: '',
    field63: '',
    field64: '',
    field65: '',
    field66: '',
    field67: '',
    field68: '',
    field69: '',
    field70: '',
    field71: '',
    field72: '',
    field73: '',
    field74: '',
    field75: '',
    field76: '',
    field77: '',
    field78: '',
    field79: '',
    field80: '',
    field81: '',
    field82: '',
    field83: '',
    field84: '',
    field85: '',
    field86: '',
    field87: '',
    field88: '',
    field89: '',
    field90: '',
    field91: '',
    field92: '',
    field93: '',
    field94: '',
    field95: '',
    field96: '',
    field97: '',
    field98: '',
    field99: '',
    field100: '',
    field101: '',
    field102: '',
    field103: '',
    field104: '',
    field105: '',
    field106: '',
    field107: '',
    field108: '',
    field109: '',
    field110: '',
    field111: '',
    field112: '',
    field113: '',
    field114: '',
    field115: '',
    field116: '',
    field117: '',
    field118: '',
    field119: '',
    field120: '',
    field121: '',
    field122: '',
    field123: '',
    field124: '',
    field125: '',
    field126: '',
    field127: '',
    field128: ''
  },
  {
    first_name: 'Zhanequa',
    last_name: 'Davis',
    institution: 'College of the Canyons',
    study_1: 'Computer Science',
    study_2: '',
    study_2_other: '',
    study_3: '',
    study_3_other: '',
    project_name: 'Looking Back to Move Forward: Understanding the Spanish Flu and COVID-19 to Strengthen the Future',
    project_url: 'https://utexas.app.box.com/s/fdh439ni7bwtr0jouhvizz1f4vs44nk6/file/1270561739669',
    field11: '',
    field12: '',
    field13: '',
    field14: '',
    field15: '',
    field16: '',
    field17: '',
    field18: '',
    field19: '',
    field20: '',
    field21: '',
    field22: '',
    field23: '',
    field24: '',
    field25: '',
    field26: '',
    field27: '',
    field28: '',
    field29: '',
    field30: '',
    field31: '',
    field32: '',
    field33: '',
    field34: '',
    field35: '',
    field36: '',
    field37: '',
    field38: '',
    field39: '',
    field40: '',
    field41: '',
    field42: '',
    field43: '',
    field44: '',
    field45: '',
    field46: '',
    field47: '',
    field48: '',
    field49: '',
    field50: '',
    field51: '',
    field52: '',
    field53: '',
    field54: '',
    field55: '',
    field56: '',
    field57: '',
    field58: '',
    field59: '',
    field60: '',
    field61: '',
    field62: '',
    field63: '',
    field64: '',
    field65: '',
    field66: '',
    field67: '',
    field68: '',
    field69: '',
    field70: '',
    field71: '',
    field72: '',
    field73: '',
    field74: '',
    field75: '',
    field76: '',
    field77: '',
    field78: '',
    field79: '',
    field80: '',
    field81: '',
    field82: '',
    field83: '',
    field84: '',
    field85: '',
    field86: '',
    field87: '',
    field88: '',
    field89: '',
    field90: '',
    field91: '',
    field92: '',
    field93: '',
    field94: '',
    field95: '',
    field96: '',
    field97: '',
    field98: '',
    field99: '',
    field100: '',
    field101: '',
    field102: '',
    field103: '',
    field104: '',
    field105: '',
    field106: '',
    field107: '',
    field108: '',
    field109: '',
    field110: '',
    field111: '',
    field112: '',
    field113: '',
    field114: '',
    field115: '',
    field116: '',
    field117: '',
    field118: '',
    field119: '',
    field120: '',
    field121: '',
    field122: '',
    field123: '',
    field124: '',
    field125: '',
    field126: '',
    field127: '',
    field128: ''
  },
  {
    first_name: 'Sabrina',
    last_name: 'Diaz-Erazo',
    institution: 'San Francisco State University',
    study_1: 'Computer science',
    study_2: '',
    study_2_other: '',
    study_3: 'Computer and systems engineering',
    study_3_other: '',
    project_name: 'Conveying the Relative Energy Consumption of Computations',
    project_url: 'https://utexas.app.box.com/s/fdh439ni7bwtr0jouhvizz1f4vs44nk6/file/1270562236136',
    field11: '',
    field12: '',
    field13: '',
    field14: '',
    field15: '',
    field16: '',
    field17: '',
    field18: '',
    field19: '',
    field20: '',
    field21: '',
    field22: '',
    field23: '',
    field24: '',
    field25: '',
    field26: '',
    field27: '',
    field28: '',
    field29: '',
    field30: '',
    field31: '',
    field32: '',
    field33: '',
    field34: '',
    field35: '',
    field36: '',
    field37: '',
    field38: '',
    field39: '',
    field40: '',
    field41: '',
    field42: '',
    field43: '',
    field44: '',
    field45: '',
    field46: '',
    field47: '',
    field48: '',
    field49: '',
    field50: '',
    field51: '',
    field52: '',
    field53: '',
    field54: '',
    field55: '',
    field56: '',
    field57: '',
    field58: '',
    field59: '',
    field60: '',
    field61: '',
    field62: '',
    field63: '',
    field64: '',
    field65: '',
    field66: '',
    field67: '',
    field68: '',
    field69: '',
    field70: '',
    field71: '',
    field72: '',
    field73: '',
    field74: '',
    field75: '',
    field76: '',
    field77: '',
    field78: '',
    field79: '',
    field80: '',
    field81: '',
    field82: '',
    field83: '',
    field84: '',
    field85: '',
    field86: '',
    field87: '',
    field88: '',
    field89: '',
    field90: '',
    field91: '',
    field92: '',
    field93: '',
    field94: '',
    field95: '',
    field96: '',
    field97: '',
    field98: '',
    field99: '',
    field100: '',
    field101: '',
    field102: '',
    field103: '',
    field104: '',
    field105: '',
    field106: '',
    field107: '',
    field108: '',
    field109: '',
    field110: '',
    field111: '',
    field112: '',
    field113: '',
    field114: '',
    field115: '',
    field116: '',
    field117: '',
    field118: '',
    field119: '',
    field120: '',
    field121: '',
    field122: '',
    field123: '',
    field124: '',
    field125: '',
    field126: '',
    field127: '',
    field128: ''
  },
  {
    first_name: 'Wai Kei Rachel',
    last_name: 'Foong',
    institution: 'Richland College',
    study_1: 'Computer science',
    study_2: 'Computer and information sciences',
    study_2_other: '',
    study_3: '',
    study_3_other: '',
    project_name: 'Analysis of Homelessness in USA vs Canada',
    project_url: 'https://utexas.app.box.com/s/fdh439ni7bwtr0jouhvizz1f4vs44nk6/file/1271270459192',
    field11: '',
    field12: '',
    field13: '',
    field14: '',
    field15: '',
    field16: '',
    field17: '',
    field18: '',
    field19: '',
    field20: '',
    field21: '',
    field22: '',
    field23: '',
    field24: '',
    field25: '',
    field26: '',
    field27: '',
    field28: '',
    field29: '',
    field30: '',
    field31: '',
    field32: '',
    field33: '',
    field34: '',
    field35: '',
    field36: '',
    field37: '',
    field38: '',
    field39: '',
    field40: '',
    field41: '',
    field42: '',
    field43: '',
    field44: '',
    field45: '',
    field46: '',
    field47: '',
    field48: '',
    field49: '',
    field50: '',
    field51: '',
    field52: '',
    field53: '',
    field54: '',
    field55: '',
    field56: '',
    field57: '',
    field58: '',
    field59: '',
    field60: '',
    field61: '',
    field62: '',
    field63: '',
    field64: '',
    field65: '',
    field66: '',
    field67: '',
    field68: '',
    field69: '',
    field70: '',
    field71: '',
    field72: '',
    field73: '',
    field74: '',
    field75: '',
    field76: '',
    field77: '',
    field78: '',
    field79: '',
    field80: '',
    field81: '',
    field82: '',
    field83: '',
    field84: '',
    field85: '',
    field86: '',
    field87: '',
    field88: '',
    field89: '',
    field90: '',
    field91: '',
    field92: '',
    field93: '',
    field94: '',
    field95: '',
    field96: '',
    field97: '',
    field98: '',
    field99: '',
    field100: '',
    field101: '',
    field102: '',
    field103: '',
    field104: '',
    field105: '',
    field106: '',
    field107: '',
    field108: '',
    field109: '',
    field110: '',
    field111: '',
    field112: '',
    field113: '',
    field114: '',
    field115: '',
    field116: '',
    field117: '',
    field118: '',
    field119: '',
    field120: '',
    field121: '',
    field122: '',
    field123: '',
    field124: '',
    field125: '',
    field126: '',
    field127: '',
    field128: ''
  },
  {
    first_name: 'Dmitri',
    last_name: 'Germakovski',
    institution: 'Le Moyne College',
    study_1: 'Computer and systems engineering',
    study_2: '',
    study_2_other: '',
    study_3: 'Mathematics, general',
    study_3_other: '',
    project_name: 'Development Tool for Urban Air Mobility Planning',
    project_url: 'https://utexas.app.box.com/s/fdh439ni7bwtr0jouhvizz1f4vs44nk6/file/1281695265431',
    field11: '',
    field12: '',
    field13: '',
    field14: '',
    field15: '',
    field16: '',
    field17: '',
    field18: '',
    field19: '',
    field20: '',
    field21: '',
    field22: '',
    field23: '',
    field24: '',
    field25: '',
    field26: '',
    field27: '',
    field28: '',
    field29: '',
    field30: '',
    field31: '',
    field32: '',
    field33: '',
    field34: '',
    field35: '',
    field36: '',
    field37: '',
    field38: '',
    field39: '',
    field40: '',
    field41: '',
    field42: '',
    field43: '',
    field44: '',
    field45: '',
    field46: '',
    field47: '',
    field48: '',
    field49: '',
    field50: '',
    field51: '',
    field52: '',
    field53: '',
    field54: '',
    field55: '',
    field56: '',
    field57: '',
    field58: '',
    field59: '',
    field60: '',
    field61: '',
    field62: '',
    field63: '',
    field64: '',
    field65: '',
    field66: '',
    field67: '',
    field68: '',
    field69: '',
    field70: '',
    field71: '',
    field72: '',
    field73: '',
    field74: '',
    field75: '',
    field76: '',
    field77: '',
    field78: '',
    field79: '',
    field80: '',
    field81: '',
    field82: '',
    field83: '',
    field84: '',
    field85: '',
    field86: '',
    field87: '',
    field88: '',
    field89: '',
    field90: '',
    field91: '',
    field92: '',
    field93: '',
    field94: '',
    field95: '',
    field96: '',
    field97: '',
    field98: '',
    field99: '',
    field100: '',
    field101: '',
    field102: '',
    field103: '',
    field104: '',
    field105: '',
    field106: '',
    field107: '',
    field108: '',
    field109: '',
    field110: '',
    field111: '',
    field112: '',
    field113: '',
    field114: '',
    field115: '',
    field116: '',
    field117: '',
    field118: '',
    field119: '',
    field120: '',
    field121: '',
    field122: '',
    field123: '',
    field124: '',
    field125: '',
    field126: '',
    field127: '',
    field128: ''
  },
  {
    first_name: 'Nimo',
    last_name: 'Mohamud',
    institution: 'Wellesley College',
    study_1: 'Data Science',
    study_2: '',
    study_2_other: '',
    study_3: '',
    study_3_other: '',
    project_name: 'Understanding ICU Admission Risk through Models',
    project_url: 'https://utexas.app.box.com/s/fdh439ni7bwtr0jouhvizz1f4vs44nk6/file/1270547288552',
    field11: '',
    field12: '',
    field13: '',
    field14: '',
    field15: '',
    field16: '',
    field17: '',
    field18: '',
    field19: '',
    field20: '',
    field21: '',
    field22: '',
    field23: '',
    field24: '',
    field25: '',
    field26: '',
    field27: '',
    field28: '',
    field29: '',
    field30: '',
    field31: '',
    field32: '',
    field33: '',
    field34: '',
    field35: '',
    field36: '',
    field37: '',
    field38: '',
    field39: '',
    field40: '',
    field41: '',
    field42: '',
    field43: '',
    field44: '',
    field45: '',
    field46: '',
    field47: '',
    field48: '',
    field49: '',
    field50: '',
    field51: '',
    field52: '',
    field53: '',
    field54: '',
    field55: '',
    field56: '',
    field57: '',
    field58: '',
    field59: '',
    field60: '',
    field61: '',
    field62: '',
    field63: '',
    field64: '',
    field65: '',
    field66: '',
    field67: '',
    field68: '',
    field69: '',
    field70: '',
    field71: '',
    field72: '',
    field73: '',
    field74: '',
    field75: '',
    field76: '',
    field77: '',
    field78: '',
    field79: '',
    field80: '',
    field81: '',
    field82: '',
    field83: '',
    field84: '',
    field85: '',
    field86: '',
    field87: '',
    field88: '',
    field89: '',
    field90: '',
    field91: '',
    field92: '',
    field93: '',
    field94: '',
    field95: '',
    field96: '',
    field97: '',
    field98: '',
    field99: '',
    field100: '',
    field101: '',
    field102: '',
    field103: '',
    field104: '',
    field105: '',
    field106: '',
    field107: '',
    field108: '',
    field109: '',
    field110: '',
    field111: '',
    field112: '',
    field113: '',
    field114: '',
    field115: '',
    field116: '',
    field117: '',
    field118: '',
    field119: '',
    field120: '',
    field121: '',
    field122: '',
    field123: '',
    field124: '',
    field125: '',
    field126: '',
    field127: '',
    field128: ''
  },
  {
    first_name: 'Emanuel',
    last_name: 'Murphy',
    institution: 'Fort Valley State University',
    study_1: 'Computer science',
    study_2: '',
    study_2_other: '',
    study_3: 'GeoScience',
    study_3_other: 'GeoScience',
    project_name: 'Simulating Earthquakes using High Performance Computing',
    project_url: 'https://utexas.app.box.com/s/fdh439ni7bwtr0jouhvizz1f4vs44nk6/file/1270560628537',
    field11: '',
    field12: '',
    field13: '',
    field14: '',
    field15: '',
    field16: '',
    field17: '',
    field18: '',
    field19: '',
    field20: '',
    field21: '',
    field22: '',
    field23: '',
    field24: '',
    field25: '',
    field26: '',
    field27: '',
    field28: '',
    field29: '',
    field30: '',
    field31: '',
    field32: '',
    field33: '',
    field34: '',
    field35: '',
    field36: '',
    field37: '',
    field38: '',
    field39: '',
    field40: '',
    field41: '',
    field42: '',
    field43: '',
    field44: '',
    field45: '',
    field46: '',
    field47: '',
    field48: '',
    field49: '',
    field50: '',
    field51: '',
    field52: '',
    field53: '',
    field54: '',
    field55: '',
    field56: '',
    field57: '',
    field58: '',
    field59: '',
    field60: '',
    field61: '',
    field62: '',
    field63: '',
    field64: '',
    field65: '',
    field66: '',
    field67: '',
    field68: '',
    field69: '',
    field70: '',
    field71: '',
    field72: '',
    field73: '',
    field74: '',
    field75: '',
    field76: '',
    field77: '',
    field78: '',
    field79: '',
    field80: '',
    field81: '',
    field82: '',
    field83: '',
    field84: '',
    field85: '',
    field86: '',
    field87: '',
    field88: '',
    field89: '',
    field90: '',
    field91: '',
    field92: '',
    field93: '',
    field94: '',
    field95: '',
    field96: '',
    field97: '',
    field98: '',
    field99: '',
    field100: '',
    field101: '',
    field102: '',
    field103: '',
    field104: '',
    field105: '',
    field106: '',
    field107: '',
    field108: '',
    field109: '',
    field110: '',
    field111: '',
    field112: '',
    field113: '',
    field114: '',
    field115: '',
    field116: '',
    field117: '',
    field118: '',
    field119: '',
    field120: '',
    field121: '',
    field122: '',
    field123: '',
    field124: '',
    field125: '',
    field126: '',
    field127: '',
    field128: ''
  },
  {
    first_name: 'Kole',
    last_name: 'Nagai',
    institution: 'Chaminade University of Honolulu',
    study_1: 'Data Science',
    study_2: '',
    study_2_other: '',
    study_3: 'Economics',
    study_3_other: '',
    project_name: '3D Exploration of Aquifer Contamination Monitoring',
    project_url: 'https://utexas.app.box.com/s/fdh439ni7bwtr0jouhvizz1f4vs44nk6/file/1270561952727',
    field11: '',
    field12: '',
    field13: '',
    field14: '',
    field15: '',
    field16: '',
    field17: '',
    field18: '',
    field19: '',
    field20: '',
    field21: '',
    field22: '',
    field23: '',
    field24: '',
    field25: '',
    field26: '',
    field27: '',
    field28: '',
    field29: '',
    field30: '',
    field31: '',
    field32: '',
    field33: '',
    field34: '',
    field35: '',
    field36: '',
    field37: '',
    field38: '',
    field39: '',
    field40: '',
    field41: '',
    field42: '',
    field43: '',
    field44: '',
    field45: '',
    field46: '',
    field47: '',
    field48: '',
    field49: '',
    field50: '',
    field51: '',
    field52: '',
    field53: '',
    field54: '',
    field55: '',
    field56: '',
    field57: '',
    field58: '',
    field59: '',
    field60: '',
    field61: '',
    field62: '',
    field63: '',
    field64: '',
    field65: '',
    field66: '',
    field67: '',
    field68: '',
    field69: '',
    field70: '',
    field71: '',
    field72: '',
    field73: '',
    field74: '',
    field75: '',
    field76: '',
    field77: '',
    field78: '',
    field79: '',
    field80: '',
    field81: '',
    field82: '',
    field83: '',
    field84: '',
    field85: '',
    field86: '',
    field87: '',
    field88: '',
    field89: '',
    field90: '',
    field91: '',
    field92: '',
    field93: '',
    field94: '',
    field95: '',
    field96: '',
    field97: '',
    field98: '',
    field99: '',
    field100: '',
    field101: '',
    field102: '',
    field103: '',
    field104: '',
    field105: '',
    field106: '',
    field107: '',
    field108: '',
    field109: '',
    field110: '',
    field111: '',
    field112: '',
    field113: '',
    field114: '',
    field115: '',
    field116: '',
    field117: '',
    field118: '',
    field119: '',
    field120: '',
    field121: '',
    field122: '',
    field123: '',
    field124: '',
    field125: '',
    field126: '',
    field127: '',
    field128: ''
  },
  {
    first_name: 'Andrew',
    last_name: 'Nishitomi',
    institution: 'Chaminade University of Honolulu',
    study_1: 'Criminology',
    study_2: 'Data Science, Analytics, and Visualization',
    study_2_other: 'Data Science, Analytics, and Visualization',
    study_3: 'Forensic Science',
    study_3_other: 'Forensic Science',
    project_name: 'Analytic Tools for Processing Water Pollution and Water Level Data',
    project_url: 'https://utexas.app.box.com/s/fdh439ni7bwtr0jouhvizz1f4vs44nk6/file/1270563121939',
    field11: '',
    field12: '',
    field13: '',
    field14: '',
    field15: '',
    field16: '',
    field17: '',
    field18: '',
    field19: '',
    field20: '',
    field21: '',
    field22: '',
    field23: '',
    field24: '',
    field25: '',
    field26: '',
    field27: '',
    field28: '',
    field29: '',
    field30: '',
    field31: '',
    field32: '',
    field33: '',
    field34: '',
    field35: '',
    field36: '',
    field37: '',
    field38: '',
    field39: '',
    field40: '',
    field41: '',
    field42: '',
    field43: '',
    field44: '',
    field45: '',
    field46: '',
    field47: '',
    field48: '',
    field49: '',
    field50: '',
    field51: '',
    field52: '',
    field53: '',
    field54: '',
    field55: '',
    field56: '',
    field57: '',
    field58: '',
    field59: '',
    field60: '',
    field61: '',
    field62: '',
    field63: '',
    field64: '',
    field65: '',
    field66: '',
    field67: '',
    field68: '',
    field69: '',
    field70: '',
    field71: '',
    field72: '',
    field73: '',
    field74: '',
    field75: '',
    field76: '',
    field77: '',
    field78: '',
    field79: '',
    field80: '',
    field81: '',
    field82: '',
    field83: '',
    field84: '',
    field85: '',
    field86: '',
    field87: '',
    field88: '',
    field89: '',
    field90: '',
    field91: '',
    field92: '',
    field93: '',
    field94: '',
    field95: '',
    field96: '',
    field97: '',
    field98: '',
    field99: '',
    field100: '',
    field101: '',
    field102: '',
    field103: '',
    field104: '',
    field105: '',
    field106: '',
    field107: '',
    field108: '',
    field109: '',
    field110: '',
    field111: '',
    field112: '',
    field113: '',
    field114: '',
    field115: '',
    field116: '',
    field117: '',
    field118: '',
    field119: '',
    field120: '',
    field121: '',
    field122: '',
    field123: '',
    field124: '',
    field125: '',
    field126: '',
    field127: '',
    field128: ''
  },
  {
    first_name: 'Ricardo',
    last_name: 'Perez Jr',
    institution: 'California State University Monterey Bay',
    study_1: 'Computer science',
    study_2: '',
    study_2_other: '',
    study_3: '',
    study_3_other: '',
    project_name: 'Displaying Astronomical Scale through Virtual Reality',
    project_url: 'https://utexas.app.box.com/s/fdh439ni7bwtr0jouhvizz1f4vs44nk6/file/1270541173370',
    field11: '',
    field12: '',
    field13: '',
    field14: '',
    field15: '',
    field16: '',
    field17: '',
    field18: '',
    field19: '',
    field20: '',
    field21: '',
    field22: '',
    field23: '',
    field24: '',
    field25: '',
    field26: '',
    field27: '',
    field28: '',
    field29: '',
    field30: '',
    field31: '',
    field32: '',
    field33: '',
    field34: '',
    field35: '',
    field36: '',
    field37: '',
    field38: '',
    field39: '',
    field40: '',
    field41: '',
    field42: '',
    field43: '',
    field44: '',
    field45: '',
    field46: '',
    field47: '',
    field48: '',
    field49: '',
    field50: '',
    field51: '',
    field52: '',
    field53: '',
    field54: '',
    field55: '',
    field56: '',
    field57: '',
    field58: '',
    field59: '',
    field60: '',
    field61: '',
    field62: '',
    field63: '',
    field64: '',
    field65: '',
    field66: '',
    field67: '',
    field68: '',
    field69: '',
    field70: '',
    field71: '',
    field72: '',
    field73: '',
    field74: '',
    field75: '',
    field76: '',
    field77: '',
    field78: '',
    field79: '',
    field80: '',
    field81: '',
    field82: '',
    field83: '',
    field84: '',
    field85: '',
    field86: '',
    field87: '',
    field88: '',
    field89: '',
    field90: '',
    field91: '',
    field92: '',
    field93: '',
    field94: '',
    field95: '',
    field96: '',
    field97: '',
    field98: '',
    field99: '',
    field100: '',
    field101: '',
    field102: '',
    field103: '',
    field104: '',
    field105: '',
    field106: '',
    field107: '',
    field108: '',
    field109: '',
    field110: '',
    field111: '',
    field112: '',
    field113: '',
    field114: '',
    field115: '',
    field116: '',
    field117: '',
    field118: '',
    field119: '',
    field120: '',
    field121: '',
    field122: '',
    field123: '',
    field124: '',
    field125: '',
    field126: '',
    field127: '',
    field128: ''
  },
  {
    first_name: 'Lap',
    last_name: 'Pham',
    institution: 'City College of San Francisco',
    study_1: 'Computer science',
    study_2: 'Mathematics, general',
    study_2_other: '',
    study_3: '',
    study_3_other: '',
    project_name: 'Can Sound Be Used to Detect Fetal Movements?',
    project_url: 'https://utexas.app.box.com/s/fdh439ni7bwtr0jouhvizz1f4vs44nk6/file/1270572794383',
    field11: '',
    field12: '',
    field13: '',
    field14: '',
    field15: '',
    field16: '',
    field17: '',
    field18: '',
    field19: '',
    field20: '',
    field21: '',
    field22: '',
    field23: '',
    field24: '',
    field25: '',
    field26: '',
    field27: '',
    field28: '',
    field29: '',
    field30: '',
    field31: '',
    field32: '',
    field33: '',
    field34: '',
    field35: '',
    field36: '',
    field37: '',
    field38: '',
    field39: '',
    field40: '',
    field41: '',
    field42: '',
    field43: '',
    field44: '',
    field45: '',
    field46: '',
    field47: '',
    field48: '',
    field49: '',
    field50: '',
    field51: '',
    field52: '',
    field53: '',
    field54: '',
    field55: '',
    field56: '',
    field57: '',
    field58: '',
    field59: '',
    field60: '',
    field61: '',
    field62: '',
    field63: '',
    field64: '',
    field65: '',
    field66: '',
    field67: '',
    field68: '',
    field69: '',
    field70: '',
    field71: '',
    field72: '',
    field73: '',
    field74: '',
    field75: '',
    field76: '',
    field77: '',
    field78: '',
    field79: '',
    field80: '',
    field81: '',
    field82: '',
    field83: '',
    field84: '',
    field85: '',
    field86: '',
    field87: '',
    field88: '',
    field89: '',
    field90: '',
    field91: '',
    field92: '',
    field93: '',
    field94: '',
    field95: '',
    field96: '',
    field97: '',
    field98: '',
    field99: '',
    field100: '',
    field101: '',
    field102: '',
    field103: '',
    field104: '',
    field105: '',
    field106: '',
    field107: '',
    field108: '',
    field109: '',
    field110: '',
    field111: '',
    field112: '',
    field113: '',
    field114: '',
    field115: '',
    field116: '',
    field117: '',
    field118: '',
    field119: '',
    field120: '',
    field121: '',
    field122: '',
    field123: '',
    field124: '',
    field125: '',
    field126: '',
    field127: '',
    field128: ''
  },
  {
    first_name: 'Connor',
    last_name: 'Vessely',
    institution: 'Ball State University',
    study_1: 'Computer science',
    study_2: '',
    study_2_other: '',
    study_3: 'Mathematics, general',
    study_3_other: '',
    project_name: 'Fairness in Machine Learning: Mortgage Approval Predictions',
    project_url: 'https://utexas.app.box.com/s/fdh439ni7bwtr0jouhvizz1f4vs44nk6/file/1271270732755',
    field11: '',
    field12: '',
    field13: '',
    field14: '',
    field15: '',
    field16: '',
    field17: '',
    field18: '',
    field19: '',
    field20: '',
    field21: '',
    field22: '',
    field23: '',
    field24: '',
    field25: '',
    field26: '',
    field27: '',
    field28: '',
    field29: '',
    field30: '',
    field31: '',
    field32: '',
    field33: '',
    field34: '',
    field35: '',
    field36: '',
    field37: '',
    field38: '',
    field39: '',
    field40: '',
    field41: '',
    field42: '',
    field43: '',
    field44: '',
    field45: '',
    field46: '',
    field47: '',
    field48: '',
    field49: '',
    field50: '',
    field51: '',
    field52: '',
    field53: '',
    field54: '',
    field55: '',
    field56: '',
    field57: '',
    field58: '',
    field59: '',
    field60: '',
    field61: '',
    field62: '',
    field63: '',
    field64: '',
    field65: '',
    field66: '',
    field67: '',
    field68: '',
    field69: '',
    field70: '',
    field71: '',
    field72: '',
    field73: '',
    field74: '',
    field75: '',
    field76: '',
    field77: '',
    field78: '',
    field79: '',
    field80: '',
    field81: '',
    field82: '',
    field83: '',
    field84: '',
    field85: '',
    field86: '',
    field87: '',
    field88: '',
    field89: '',
    field90: '',
    field91: '',
    field92: '',
    field93: '',
    field94: '',
    field95: '',
    field96: '',
    field97: '',
    field98: '',
    field99: '',
    field100: '',
    field101: '',
    field102: '',
    field103: '',
    field104: '',
    field105: '',
    field106: '',
    field107: '',
    field108: '',
    field109: '',
    field110: '',
    field111: '',
    field112: '',
    field113: '',
    field114: '',
    field115: '',
    field116: '',
    field117: '',
    field118: '',
    field119: '',
    field120: '',
    field121: '',
    field122: '',
    field123: '',
    field124: '',
    field125: '',
    field126: '',
    field127: '',
    field128: ''
  },
  {
    first_name: '',
    last_name: '',
    institution: '',
    study_1: '',
    study_2: '',
    study_2_other: '',
    study_3: '',
    study_3_other: '',
    project_name: '',
    project_url: '',
    field11: '',
    field12: '',
    field13: '',
    field14: '',
    field15: '',
    field16: '',
    field17: '',
    field18: '',
    field19: '',
    field20: '',
    field21: '',
    field22: '',
    field23: '',
    field24: '',
    field25: '',
    field26: '',
    field27: '',
    field28: '',
    field29: '',
    field30: '',
    field31: '',
    field32: '',
    field33: '',
    field34: '',
    field35: '',
    field36: '',
    field37: '',
    field38: '',
    field39: '',
    field40: '',
    field41: '',
    field42: '',
    field43: '',
    field44: '',
    field45: '',
    field46: '',
    field47: '',
    field48: '',
    field49: '',
    field50: '',
    field51: '',
    field52: '',
    field53: '',
    field54: '',
    field55: '',
    field56: '',
    field57: '',
    field58: '',
    field59: '',
    field60: '',
    field61: '',
    field62: '',
    field63: '',
    field64: '',
    field65: '',
    field66: '',
    field67: '',
    field68: '',
    field69: '',
    field70: '',
    field71: '',
    field72: '',
    field73: '',
    field74: '',
    field75: '',
    field76: '',
    field77: '',
    field78: '',
    field79: '',
    field80: '',
    field81: '',
    field82: '',
    field83: '',
    field84: '',
    field85: '',
    field86: '',
    field87: '',
    field88: '',
    field89: '',
    field90: '',
    field91: '',
    field92: '',
    field93: '',
    field94: '',
    field95: '',
    field96: '',
    field97: '',
    field98: '',
    field99: '',
    field100: '',
    field101: '',
    field102: '',
    field103: '',
    field104: '',
    field105: '',
    field106: '',
    field107: '',
    field108: '',
    field109: '',
    field110: '',
    field111: '',
    field112: '',
    field113: '',
    field114: '',
    field115: '',
    field116: '',
    field117: '',
    field118: '',
    field119: '',
    field120: '',
    field121: '',
    field122: '',
    field123: '',
    field124: '',
    field125: '',
    field126: '',
    field127: '',
    field128: ''
  },
  {
    first_name: '',
    last_name: '',
    institution: '',
    study_1: '',
    study_2: '',
    study_2_other: '',
    study_3: '',
    study_3_other: '',
    project_name: '',
    project_url: '',
    field11: '',
    field12: '',
    field13: '',
    field14: '',
    field15: '',
    field16: '',
    field17: '',
    field18: '',
    field19: '',
    field20: '',
    field21: '',
    field22: '',
    field23: '',
    field24: '',
    field25: '',
    field26: '',
    field27: '',
    field28: '',
    field29: '',
    field30: '',
    field31: '',
    field32: '',
    field33: '',
    field34: '',
    field35: '',
    field36: '',
    field37: '',
    field38: '',
    field39: '',
    field40: '',
    field41: '',
    field42: '',
    field43: '',
    field44: '',
    field45: '',
    field46: '',
    field47: '',
    field48: '',
    field49: '',
    field50: '',
    field51: '',
    field52: '',
    field53: '',
    field54: '',
    field55: '',
    field56: '',
    field57: '',
    field58: '',
    field59: '',
    field60: '',
    field61: '',
    field62: '',
    field63: '',
    field64: '',
    field65: '',
    field66: '',
    field67: '',
    field68: '',
    field69: '',
    field70: '',
    field71: '',
    field72: '',
    field73: '',
    field74: '',
    field75: '',
    field76: '',
    field77: '',
    field78: '',
    field79: '',
    field80: '',
    field81: '',
    field82: '',
    field83: '',
    field84: '',
    field85: '',
    field86: '',
    field87: '',
    field88: '',
    field89: '',
    field90: '',
    field91: '',
    field92: '',
    field93: '',
    field94: '',
    field95: '',
    field96: '',
    field97: '',
    field98: '',
    field99: '',
    field100: '',
    field101: '',
    field102: '',
    field103: '',
    field104: '',
    field105: '',
    field106: '',
    field107: '',
    field108: '',
    field109: '',
    field110: '',
    field111: '',
    field112: '',
    field113: '',
    field114: '',
    field115: '',
    field116: '',
    field117: '',
    field118: '',
    field119: '',
    field120: '',
    field121: '',
    field122: '',
    field123: '',
    field124: '',
    field125: '',
    field126: '',
    field127: '',
    field128: ''
  }
]
